Downloading https://services.gradle.org/distributions/gradle-8.13-bin.zip
.............10%.............20%.............30%.............40%.............50%.............60%.............70%.............80%.............90%.............100%

Welcome to Gradle 8.13!

Here are the highlights of this release:
 - Daemon JVM auto-provisioning
 - Enhancements for Scala plugin and JUnit testing
 - Improvements for build authors and plugin developers

For more details see https://docs.gradle.org/8.13/release-notes.html

Starting a Gradle Daemon (subsequent builds will be faster)

> Configure project :app
w: file:///app/app/build.gradle.kts:206:5: 'enableStrongSkippingMode: Property<Boolean>' is deprecated. Use the featureFlags option instead

FAILURE: Build failed with an exception.

* What went wrong:
Could not determine the dependencies of task ':app:testDebugUnitTest'.
> SDK location not found. Define a valid SDK location with an ANDROID_HOME environment variable or by setting the sdk.dir path in your project's local properties file at '/app/local.properties'.

* Try:
> Run with --stacktrace option to get the stack trace.
> Run with --info or --debug option to get more log output.
> Run with --scan to get full insights.
> Get more help at https://help.gradle.org.

BUILD FAILED in 2m 40s
